// Jest Snapshot v1, https://goo.gl/fbAQLP

exports[`Pruebas en <GifExpertApp /> Debe mostrarse correctamente 1`] = `
<Fragment>
  <h2
    className="animate__animated animate__bounceInDown"
  >
    GifExpertApp
  </h2>
  <AddCategory
    setCategories={[Function]}
  />
  <hr />
  <ol>
    <GifGrid
      category={Array []}
      key=""
    />
  </ol>
</Fragment>
`;
