// Jest Snapshot v1, https://goo.gl/fbAQLP

exports[`Pruebas en GifGridItem Debe mostrar el componente correctamente 1`] = `
<div
  className="card animate__animated animate__rubberBand"
>
  <img
    alt="Un título"
    src="https://localhost/algo.png"
  />
  <p
    className="titulo"
  >
    Un título
  </p>
</div>
`;
